================================================================================
COMPREHENSIVE SQL INJECTION TEST SUITE
================================================================================

Generating test cases...
Generated 1924 test cases

Running tests...
--------------------------------------------------------------------------------
Progress: 100/1924 tests completed...
Progress: 200/1924 tests completed...
Progress: 300/1924 tests completed...
Progress: 400/1924 tests completed...
Progress: 500/1924 tests completed...
Progress: 600/1924 tests completed...
Progress: 700/1924 tests completed...
Progress: 800/1924 tests completed...
Progress: 900/1924 tests completed...
Progress: 1000/1924 tests completed...
Progress: 1100/1924 tests completed...
Progress: 1200/1924 tests completed...
Progress: 1300/1924 tests completed...
Progress: 1400/1924 tests completed...
Progress: 1500/1924 tests completed...
Progress: 1600/1924 tests completed...
Progress: 1700/1924 tests completed...
Progress: 1800/1924 tests completed...
Progress: 1900/1924 tests completed...

================================================================================
TEST SUMMARY
================================================================================
Total Tests: 1924
Passed: 1924 (100.0%)
Failed: 0 (0.0%)

[OK] No false positives! All legitimate messages passed.

[OK] No false negatives! All SQL injection attempts were blocked.

================================================================================
[SUCCESS] ALL TESTS PASSED! Validation is working correctly.
================================================================================

Detailed report saved to: sql_injection_test_report.txt
